{
  "exclude": {
    "files": null,
    "lines": null
  },
  "generated_at": "2020-07-23T18:04:15Z",
  "plugins_used": [
    {
      "name": "AWSKeyDetector"
    },
    {
      "name": "ArtifactoryDetector"
    },
    {
      "base64_limit": 4.5,
      "name": "Base64HighEntropyString"
    },
    {
      "name": "BasicAuthDetector"
    },
    {
      "name": "CloudantDetector"
    },
    {
      "hex_limit": 3,
      "name": "HexHighEntropyString"
    },
    {
      "name": "IbmCloudIamDetector"
    },
    {
      "name": "IbmCosHmacDetector"
    },
    {
      "name": "JwtTokenDetector"
    },
    {
      "keyword_exclude": null,
      "name": "KeywordDetector"
    },
    {
      "name": "MailchimpDetector"
    },
    {
      "name": "PrivateKeyDetector"
    },
    {
      "name": "SlackDetector"
    },
    {
      "name": "SoftlayerDetector"
    },
    {
      "name": "StripeDetector"
    },
    {
      "name": "TwilioKeyDetector"
    }
  ],
  "results": {
    "SNP6CBS.r": [
      {
        "hashed_secret": "da43e618b06b9feae4cc71e9e7c4cda25baae560",
        "is_secret": false,
        "is_verified": false,
        "line_number": 156,
        "type": "Hex High Entropy String"
      }
    ]
  },
  "version": "0.13.1",
  "word_list": {
    "file": null,
    "hash": null
  }
}
